// Jest Snapshot v1, https://goo.gl/fbAQLP

exports[`DeviceList Test Snap Test match snapshot 1`] = `""`;
