// Jest Snapshot v1, https://goo.gl/fbAQLP

exports[`SemiCircleChart Test snapshot 1`] = `
<svg
  data-test="semiCircleComponent"
/>
`;
